Client launched...
Serveur authentification response: AUTHENTIFICATION_SUCCESS 19
Connected to the server !
Enter one of the following commands:
1. Place an order:
   [BUY/SELL] [quantity] [action_id] [MARKET/LIMIT/STOP/LIMIT_STOP] [price] [trigger_price_lower] [trigger_price_upper] [validity_date: YYYY-MM-DD] [validity_time: HH:MM:SS]
   Notes:
     - For MARKET:        do NOT provide price, trigger_price_lower or trigger_price_upper
     - For LIMIT:         provide [price] and [trigger_price_lower] only
     - For STOP:          provide [price] and [trigger_price_upper] only
     - For LIMIT_STOP:    provide [price], [trigger_price_lower] and [trigger_price_upper]

2. Modify client balance:
   amount [value] [deposit/withdraw]

3. Display information:
   display [portfolio | pending_orders | completed_orders | market | action_name]

4. Disconnect from server:
   exit

> > > 
Server: Error: Failed to sell action, client does not have enough shares
> > 
Server: Error: Failed to sell action, client does not have enough shares
> > 
Server: Order created with ID: 551315131 for client 19 to BUY 2 actions of 1 at the price of 973.29$ at time 2026-09-17 21:14:52.030 with trigger type LIMIT_STOP and trigger price lower 920.3 and trigger price upper 1057.59 until validity date 2076-03-01 00:00:00.000
> 
Server: Order 551315131 is waiting for its trigger condition to be reached …
> > 
Server: Order created with ID: 2812914995 for client 19 to BUY 7 actions of 3 at the price of 65535$ at time 2026-09-17 21:14:53.242 with trigger type MARKET and trigger price lower 0 and trigger price upper 65535 until validity date 2076-03-01 00:00:00.000
> 
Server: Order 2812914995 is being accumulated …
> 
Server: TRANSACTION: bought 1 of action 3 at 8186.93017578125$ at time 2026-09-17 21:14:53.245
> > 
Server: Error: Failed to sell action, client does not have enough shares
> > 
Server: Error: Insufficient balance for buying
> > 
Server: Error: Insufficient balance for buying
> > 
Server: Error: Insufficient balance for buying
> > 
Server: Error: Failed to sell action, client does not have enough shares
> > 
Server: Error: Failed to sell action, client does not have enough shares
> > 
Server: Order created with ID: 3655669212 for client 19 to BUY 1 actions of 18 at the price of 65535$ at time 2026-09-17 21:15:01.118 with trigger type MARKET and trigger price lower 0 and trigger price upper 65535 until validity date 2076-03-01 00:00:00.000
> 
Server: Order 3655669212 is being accumulated …
> > 
Server: Error: Failed to sell action, client does not have enough shares
> > 
Server: Error: Failed to sell action, client does not have enough shares
> 
Server: TRANSACTION: bought 6 of action 3 at 8186.93017578125$ at time 2026-09-17 21:15:03.493
> > 
Server: Error: Failed to sell action, client does not have enough shares
> > 
Server: Order created with ID: 991283934 for client 19 to BUY 2 actions of 22 at the price of 65535$ at time 2026-09-17 21:15:05.773 with trigger type MARKET and trigger price lower 0 and trigger price upper 65535 until validity date 2076-03-01 00:00:00.000
> 
Server: Order 991283934 is being accumulated …
> > 
Server: Error: Failed to sell action, client does not have enough shares
> > 
Server: Error: Failed to sell action, client does not have enough shares
> > 
Server: Error: Failed to sell action, client does not have enough shares
> > 
Server: Error: Failed to sell action, client does not have enough shares
> > 
Server: Error: Insufficient balance for buying
> > 
Server: Error: Failed to sell action, client does not have enough shares
> > 
Server: Error: Failed to sell action, client does not have enough shares
> > 
Server: Error: Failed to sell action, client does not have enough shares
> > 
Server: Error: Failed to sell action, client does not have enough shares
> 
Connexion closed by the server.

Connection closed by the server.
