Client launched...
Serveur authentification response: AUTHENTIFICATION_SUCCESS 16
Connected to the server !
Enter one of the following commands:
1. Place an order:
   [BUY/SELL] [quantity] [action_id] [MARKET/LIMIT/STOP/LIMIT_STOP] [price] [trigger_price_lower] [trigger_price_upper] [validity_date: YYYY-MM-DD] [validity_time: HH:MM:SS]
   Notes:
     - For MARKET:        do NOT provide price, trigger_price_lower or trigger_price_upper
     - For LIMIT:         provide [price] and [trigger_price_lower] only
     - For STOP:          provide [price] and [trigger_price_upper] only
     - For LIMIT_STOP:    provide [price], [trigger_price_lower] and [trigger_price_upper]

2. Modify client balance:
   amount [value] [deposit/withdraw]

3. Display information:
   display [portfolio | pending_orders | completed_orders | market | action_name]

4. Disconnect from server:
   exit

> > > 
Server: Error: Failed to sell action, client does not have enough shares
> > 
Server: Error: Failed to sell action, client does not have enough shares
> > 
Server: Order created with ID: 3671370371 for client 16 to BUY 10 actions of 11 at the price of 65535$ at time 2026-09-17 21:14:51.298 with trigger type MARKET and trigger price lower 0 and trigger price upper 65535 until validity date 2076-03-01 00:00:00.000
> 
Server: Order 3671370371 is being accumulated …
> > 
Server: Error: Failed to sell action, client does not have enough shares
> > 
Server: Order created with ID: 1516097597 for client 16 to SELL 8 actions of 1 at the price of 1168.02$ at time 2026-09-17 21:14:53.467 with trigger type LIMIT and trigger price lower 1166.32 and trigger price upper 65535 until validity date 2076-03-01 00:00:00.000
> 
Server: Order 1516097597 is waiting for its trigger condition to be reached …
> > 
Server: Error: Failed to sell action, client does not have enough shares
> > 
Server: Error: Failed to sell action, client does not have enough shares
> > 
Server: Error: Insufficient balance for buying
> > 
Server: Error: Failed to sell action, client does not have enough shares
> > 
Server: Error: Failed to sell action, client does not have enough shares
> > 
Server: Order created with ID: 1895278521 for client 16 to SELL 8 actions of 11 at the price of 0$ at time 2026-09-17 21:15:00.320 with trigger type MARKET and trigger price lower 0 and trigger price upper 65535 until validity date 2076-03-01 00:00:00.000Order 1895278521 is being accumulated …
> 
Server: TRANSACTION: sold 1 of action 11 at 1679.2099609375$ at time 2026-09-17 21:15:00.327
> 
Server: TRANSACTION: bought 7 of action 11 at 1679.2099609375$ at time 2026-09-17 21:15:00.334
> 
Server: TRANSACTION: sold 7 of action 11 at 1679.2099609375$ at time 2026-09-17 21:15:00.334
> > 
Server: Error: Failed to sell action, client does not have enough shares
> > 
Server: Error: Insufficient balance for buying
> > 
Server: Error: Failed to sell action, client does not have enough shares
> > 
Server: Error: Insufficient balance for buying
> > 
Server: Order created with ID: 2915212359 for client 16 to BUY 4 actions of 22 at the price of 65535$ at time 2026-09-17 21:15:05.704 with trigger type MARKET and trigger price lower 0 and trigger price upper 65535 until validity date 2076-03-01 00:00:00.000
> 
Server: Order 2915212359 is being accumulated …
> > 
Server: Order created with ID: 1065351383 for client 16 to BUY 9 actions of 23 at the price of 65535$ at time 2026-09-17 21:15:06.800 with trigger type MARKET and trigger price lower 0 and trigger price upper 65535 until validity date 2076-03-01 00:00:00.000
> 
Server: Order 1065351383 is being accumulated …
> 
Server: TRANSACTION: bought 3 of action 23 at 7649.86$ at time 2026-09-17 21:15:06.804
> > 
Server: Order created with ID: 2856103372 for client 16 to SELL 1 actions of 1 at the price of 973.2$ at time 2026-09-17 21:15:07.943 with trigger type LIMIT_STOP and trigger price lower 942.72 and trigger price upper 1064.74 until validity date 2076-03-01 00:00:00.000
> 
Server: Order 2856103372 is waiting for its trigger condition to be reached …
> > 
Server: Order created with ID: 1984058949 for client 16 to BUY 5 actions of 13 at the price of 65535$ at time 2026-09-17 21:15:09.115 with trigger type MARKET and trigger price lower 0 and trigger price upper 65535 until validity date 2076-03-01 00:00:00.000
> 
Server: Order 1984058949 is being accumulated …
> > 
Server: Error: Insufficient balance for buying
> > 
Server: Error: Failed to sell action, client does not have enough shares
> > 
Server: Error: Failed to sell action, client does not have enough shares
> > 
Server: Error: Insufficient balance for buying
> > 
Server: Error: Failed to sell action, client does not have enough shares
> 
Server: TRANSACTION: bought 3 of action 11 at 1679.2099609375$ at time 2026-09-17 21:15:15.263
> > 
Server: Error: Insufficient balance for buying
> 
Connexion closed by the server.

Connection closed by the server.
