Client launched...
Serveur authentification response: AUTHENTIFICATION_SUCCESS 15
Connected to the server !
Enter one of the following commands:
1. Place an order:
   [BUY/SELL] [quantity] [action_id] [MARKET/LIMIT/STOP/LIMIT_STOP] [price] [trigger_price_lower] [trigger_price_upper] [validity_date: YYYY-MM-DD] [validity_time: HH:MM:SS]
   Notes:
     - For MARKET:        do NOT provide price, trigger_price_lower or trigger_price_upper
     - For LIMIT:         provide [price] and [trigger_price_lower] only
     - For STOP:          provide [price] and [trigger_price_upper] only
     - For LIMIT_STOP:    provide [price], [trigger_price_lower] and [trigger_price_upper]

2. Modify client balance:
   amount [value] [deposit/withdraw]

3. Display information:
   display [portfolio | pending_orders | completed_orders | market | action_name]

4. Disconnect from server:
   exit

> > > 
Server: Order created with ID: 2740908782 for client 15 to BUY 3 actions of 1 at the price of 1265.86$ at time 2026-09-17 21:14:48.943 with trigger type STOP and trigger price lower 0 and trigger price upper 1296.2 until validity date 2076-03-01 00:00:00.000
> 
Server: Order 2740908782 is waiting for its trigger condition to be reached …
> > 
Server: Error: Failed to sell action, client does not have enough shares
> > 
Server: Error: Failed to sell action, client does not have enough shares
> > 
Server: Error: Failed to sell action, client does not have enough shares
> > 
Server: Error: Failed to sell action, client does not have enough shares
> > 
Server: Order created with ID: 1723743302 for client 15 to BUY 8 actions of 13 at the price of 2092.32$ at time 2026-09-17 21:14:54.510 with trigger type LIMIT_STOP and trigger price lower 1924.04 and trigger price upper 2204.04 until validity date 2076-03-01 00:00:00.000
> 
Server: Order 1723743302 is waiting for its trigger condition to be reached …
> > 
Server: Order created with ID: 3468570386 for client 15 to BUY 5 actions of 20 at the price of 5662.2$ at time 2026-09-17 21:14:55.712 with trigger type LIMIT and trigger price lower 5580.41 and trigger price upper 65535 until validity date 2076-03-01 00:00:00.000
> 
Server: Order 3468570386 is waiting for its trigger condition to be reached …
> > 
Server: Error: Failed to sell action, client does not have enough shares
> > 
Server: Order created with ID: 1413325513 for client 15 to SELL 7 actions of 18 at the price of 12827.49$ at time 2026-09-17 21:14:57.888 with trigger type LIMIT_STOP and trigger price lower 12242.16 and trigger price upper 13468.96 until validity date 2076-03-01 00:00:00.000
> 
Server: Order 1413325513 is waiting for its trigger condition to be reached …
> > 
Server: Error: Insufficient balance for buying
> > 
Server: Error: Failed to sell action, client does not have enough shares
> > 
Server: Error: Failed to sell action, client does not have enough shares
> > 
Server: Error: Failed to sell action, client does not have enough shares
> > 
Server: Error: Insufficient balance for buying
> > 
Server: Error: Insufficient balance for buying
> > 
Server: Error: Failed to sell action, client does not have enough shares
> > 
Server: Error: Failed to sell action, client does not have enough shares
> > 
Server: Error: Failed to sell action, client does not have enough shares
> > 
Server: Error: Failed to sell action, client does not have enough shares
> > 
Server: Order created with ID: 3156118792 for client 15 to SELL 10 actions of 20 at the price of 0$ at time 2026-09-17 21:15:10.036 with trigger type MARKET and trigger price lower 0 and trigger price upper 65535 until validity date 2076-03-01 00:00:00.000
> 
Server: Order 3156118792 is being accumulated …
> 
Server: TRANSACTION: sold 1 of action 20 at 6322.89990234375$ at time 2026-09-17 21:15:10.039
> 
Server: TRANSACTION: sold 7 of action 20 at 7119.54$ at time 2026-09-17 21:15:10.046
> 
Server: TRANSACTION: sold 2 of action 20 at 6002.24$ at time 2026-09-17 21:15:10.052
> > 
Server: Error: Insufficient balance for buying
> > 
Server: Error: Failed to sell action, client does not have enough shares
> > 
Server: Order created with ID: 352687990 for client 15 to BUY 3 actions of 17 at the price of 65535$ at time 2026-09-17 21:15:13.527 with trigger type MARKET and trigger price lower 0 and trigger price upper 65535 until validity date 2076-03-01 00:00:00.000
> 
Server: Order 352687990 is being accumulated …
> > 
Server: Error: Failed to sell action, client does not have enough shares
> > 
Server: Order created with ID: 4159557426 for client 15 to SELL 4 actions of 20 at the price of 0$ at time 2026-09-17 21:15:15.853 with trigger type MARKET and trigger price lower 0 and trigger price upper 65535 until validity date 2076-03-01 00:00:00.000
> 
Server: Order 4159557426 is being accumulated …
> 
Connexion closed by the server.

Connection closed by the server.
