Client launched...
Serveur authentification response: AUTHENTIFICATION_SUCCESS 14
Connected to the server !
Enter one of the following commands:
1. Place an order:
   [BUY/SELL] [quantity] [action_id] [MARKET/LIMIT/STOP/LIMIT_STOP] [price] [trigger_price_lower] [trigger_price_upper] [validity_date: YYYY-MM-DD] [validity_time: HH:MM:SS]
   Notes:
     - For MARKET:        do NOT provide price, trigger_price_lower or trigger_price_upper
     - For LIMIT:         provide [price] and [trigger_price_lower] only
     - For STOP:          provide [price] and [trigger_price_upper] only
     - For LIMIT_STOP:    provide [price], [trigger_price_lower] and [trigger_price_upper]

2. Modify client balance:
   amount [value] [deposit/withdraw]

3. Display information:
   display [portfolio | pending_orders | completed_orders | market | action_name]

4. Disconnect from server:
   exit

> > > 
Server: Error: Failed to sell action, client does not have enough shares
> > 
Server: Error: Failed to sell action, client does not have enough shares
> > 
Server: Order created with ID: 2095388581 for client 14 to BUY 3 actions of 12 at the price of 7048.49$ at time 2026-09-17 21:14:50.717 with trigger type LIMIT and trigger price lower 6459.9 and trigger price upper 65535 until validity date 2076-03-01 00:00:00.000
> 
Server: Order 2095388581 is waiting for its trigger condition to be reached …
> > 
Server: Order created with ID: 2164362931 for client 14 to BUY 2 actions of 21 at the price of 39353.77$ at time 2026-09-17 21:14:51.768 with trigger type LIMIT and trigger price lower 36496.9 and trigger price upper 65535 until validity date 2076-03-01 00:00:00.000
> 
Server: Order 2164362931 is waiting for its trigger condition to be reached …
> > 
Server: Error: Failed to sell action, client does not have enough shares
> > 
Server: Error: Insufficient balance for buying
> > 
Server: Error: Failed to sell action, client does not have enough shares
> > 
Server: Error: Failed to sell action, client does not have enough shares
> > 
Server: Error: Insufficient balance for buying
> > 
Server: Error: Insufficient balance for buying
> > 
Server: Error: Insufficient balance for buying
> > 
Server: Error: Insufficient balance for buying
> > 
Server: Order created with ID: 3642287843 for client 14 to SELL 8 actions of 10 at the price of 0$ at time 2026-09-17 21:15:01.731 with trigger type MARKET and trigger price lower 0 and trigger price upper 65535 until validity date 2076-03-01 00:00:00.000
> 
Server: Order 3642287843 is being accumulated …
> > 
Server: Error: Insufficient balance for buying
> > 
Server: Error: Failed to sell action, client does not have enough shares
> > 
Server: Error: Failed to sell action, client does not have enough shares
> > 
Server: Error: Failed to sell action, client does not have enough shares
> > 
Server: Error: Failed to sell action, client does not have enough shares
> > 
Server: Error: Insufficient balance for buying
> > 
Server: Error: Insufficient balance for buying
> > 
Server: Error: Failed to sell action, client does not have enough shares
> > 
Server: Error: Failed to sell action, client does not have enough shares
> > 
Server: Error: Insufficient balance for buying
> > 
Server: Error: Failed to sell action, client does not have enough shares
> > 
Server: Error: Failed to sell action, client does not have enough shares
> > 
Server: Error: Insufficient balance for buying
> 
Connexion closed by the server.

Connection closed by the server.
