Client launched...
Serveur authentification response: AUTHENTIFICATION_SUCCESS 9
Connected to the server !
Enter one of the following commands:
1. Place an order:
   [BUY/SELL] [quantity] [action_id] [MARKET/LIMIT/STOP/LIMIT_STOP] [price] [trigger_price_lower] [trigger_price_upper] [validity_date: YYYY-MM-DD] [validity_time: HH:MM:SS]
   Notes:
     - For MARKET:        do NOT provide price, trigger_price_lower or trigger_price_upper
     - For LIMIT:         provide [price] and [trigger_price_lower] only
     - For STOP:          provide [price] and [trigger_price_upper] only
     - For LIMIT_STOP:    provide [price], [trigger_price_lower] and [trigger_price_upper]

2. Modify client balance:
   amount [value] [deposit/withdraw]

3. Display information:
   display [portfolio | pending_orders | completed_orders | market | action_name]

4. Disconnect from server:
   exit

> > > 
Server: Order created with ID: 2449838913 for client 9 to BUY 6 actions of 22 at the price of 17.41$ at time 2026-09-17 21:14:47.390 with trigger type LIMIT and trigger price lower 15.81 and trigger price upper 65535 until validity date 2076-03-01 00:00:00.000
> 
Server: Order 2449838913 is waiting for its trigger condition to be reached …
> > 
Server: Error: Insufficient balance for buying
> > 
Server: Error: Failed to sell action, client does not have enough shares
> > 
Server: Error: Insufficient balance for buying
> > 
Server: Error: Failed to sell action, client does not have enough shares
> > 
Server: Order created with ID: 3648387677 for client 9 to SELL 4 actions of 3 at the price of 0$ at time 2026-09-17 21:14:53.105 with trigger type MARKET and trigger price lower 0 and trigger price upper 65535 until validity date 2076-03-01 00:00:00.000
> 
Server: Order 3648387677 is being accumulated …
> 
Server: TRANSACTION: sold 3 of action 3 at 8186.93017578125$ at time 2026-09-17 21:14:53.107
> 
Server: TRANSACTION: sold 1 of action 3 at 8186.93017578125$ at time 2026-09-17 21:14:53.245
> > 
Server: Order created with ID: 3089848630 for client 9 to BUY 4 actions of 11 at the price of 1429.98$ at time 2026-09-17 21:14:54.290 with trigger type LIMIT and trigger price lower 1345.78 and trigger price upper 65535 until validity date 2076-03-01 00:00:00.000
> 
Server: Order 3089848630 is waiting for its trigger condition to be reached …
> > 
Server: Error: Failed to sell action, client does not have enough shares
> > 
Server: Error: Insufficient balance for buying
> > 
Server: Order created with ID: 1311054744 for client 9 to BUY 4 actions of 19 at the price of 65535$ at time 2026-09-17 21:14:57.595 with trigger type MARKET and trigger price lower 0 and trigger price upper 65535 until validity date 2076-03-01 00:00:00.000
> 
Server: Order 1311054744 is being accumulated …
> > 
Server: Order created with ID: 536069985 for client 9 to BUY 9 actions of 3 at the price of 8188.9$ at time 2026-09-17 21:14:58.662 with trigger type LIMIT_STOP and trigger price lower 7839.22 and trigger price upper 8629.13 until validity date 2076-03-01 00:00:00.000
> 
Server: Order 536069985 is waiting for its trigger condition to be reached …
> > 
Server: Error: Failed to sell action, client does not have enough shares
> > 
Server: Error: Insufficient balance for buying
> > 
Server: Order created with ID: 872505471 for client 9 to BUY 1 actions of 20 at the price of 65535$ at time 2026-09-17 21:15:01.934 with trigger type MARKET and trigger price lower 0 and trigger price upper 65535 until validity date 2076-03-01 00:00:00.000
> 
Server: Order 872505471 is being accumulated …
> > 
Server: Order created with ID: 2484541402 for client 9 to BUY 5 actions of 22 at the price of 15.9$ at time 2026-09-17 21:15:02.987 with trigger type LIMIT and trigger price lower 14.36 and trigger price upper 65535 until validity date 2076-03-01 00:00:00.000
> 
Server: Order 2484541402 is waiting for its trigger condition to be reached …
> > 
Server: Error: Failed to sell action, client does not have enough shares
> > 
Server: Order created with ID: 169638761 for client 9 to BUY 6 actions of 17 at the price of 2902.15$ at time 2026-09-17 21:15:05.264 with trigger type STOP and trigger price lower 0 and trigger price upper 3066.19 until validity date 2076-03-01 00:00:00.000
> 
Server: Order 169638761 is waiting for its trigger condition to be reached …
> > 
Server: Error: Insufficient balance for buying
> > 
Server: Error: Failed to sell action, client does not have enough shares
> > 
Server: Error: Insufficient balance for buying
> > 
Server: Error: Insufficient balance for buying
> 
Server: TRANSACTION: bought 1 of action 20 at 6322.89990234375$ at time 2026-09-17 21:15:10.039
> > 
Server: Order created with ID: 3719207982 for client 9 to SELL 5 actions of 3 at the price of 0$ at time 2026-09-17 21:15:10.644 with trigger type MARKET and trigger price lower 0 and trigger price upper 65535 until validity date 2076-03-01 00:00:00.000
> 
Server: Order 3719207982 is being accumulated …
> 
Server: TRANSACTION: sold 4 of action 3 at 7436.35$ at time 2026-09-17 21:15:10.646
> 
Server: TRANSACTION: bought 1 of action 3 at 8188.9$ at time 2026-09-17 21:15:10.650
> 
Server: TRANSACTION: sold 1 of action 3 at 8188.9$ at time 2026-09-17 21:15:10.650
> > 
Server: Error: Insufficient balance for buying
> > 
Server: Error: Insufficient balance for buying
> > 
Server: Error: Failed to sell action, client does not have enough shares
> 
Server: TRANSACTION: bought 2 of action 19 at 5661.6$ at time 2026-09-17 21:15:15.249
> > 
Server: Error: Failed to sell action, client does not have enough shares
> 
Connexion closed by the server.

Connection closed by the server.
