Client launched...
Serveur authentification response: AUTHENTIFICATION_SUCCESS 5
Connected to the server !
Enter one of the following commands:
1. Place an order:
   [BUY/SELL] [quantity] [action_id] [MARKET/LIMIT/STOP/LIMIT_STOP] [price] [trigger_price_lower] [trigger_price_upper] [validity_date: YYYY-MM-DD] [validity_time: HH:MM:SS]
   Notes:
     - For MARKET:        do NOT provide price, trigger_price_lower or trigger_price_upper
     - For LIMIT:         provide [price] and [trigger_price_lower] only
     - For STOP:          provide [price] and [trigger_price_upper] only
     - For LIMIT_STOP:    provide [price], [trigger_price_lower] and [trigger_price_upper]

2. Modify client balance:
   amount [value] [deposit/withdraw]

3. Display information:
   display [portfolio | pending_orders | completed_orders | market | action_name]

4. Disconnect from server:
   exit

> > > 
Server: Order created with ID: 637269504 for client 5 to BUY 8 actions of 17 at the price of 2666.03$ at time 2026-09-17 21:14:46.689 with trigger type LIMIT and trigger price lower 2413.25 and trigger price upper 65535 until validity date 2076-03-01 00:00:00.000
> 
Server: Order 637269504 is waiting for its trigger condition to be reached …
> > 
Server: Order created with ID: 317331872 for client 5 to BUY 6 actions of 6 at the price of 65535$ at time 2026-09-17 21:14:47.876 with trigger type MARKET and trigger price lower 0 and trigger price upper 65535 until validity date 2076-03-01 00:00:00.000
> 
Server: Order 317331872 is being accumulated …
> > 
Server: Error: Failed to sell action, client does not have enough shares
> > 
Server: Error: Insufficient balance for buying
> > 
Server: Error: Failed to sell action, client does not have enough shares
> > 
Server: Error: Insufficient balance for buying
> > 
Server: Order created with ID: 3701621047 for client 5 to BUY 4 actions of 1 at the price of 990.45$ at time 2026-09-17 21:14:53.467 with trigger type LIMIT_STOP and trigger price lower 907.89 and trigger price upper 1021.52 until validity date 2076-03-01 00:00:00.000
> 
Server: Order 3701621047 is waiting for its trigger condition to be reached …
> > 
Server: Error: Insufficient balance for buying
> > 
Server: Error: Insufficient balance for buying
> > 
Server: Error: Failed to sell action, client does not have enough shares
> > 
Server: Error: Insufficient balance for buying
> > 
Server: Error: Failed to sell action, client does not have enough shares
> > 
Server: Error: Insufficient balance for buying
> > 
Server: Error: Failed to sell action, client does not have enough shares
> > 
Server: Error: Failed to sell action, client does not have enough shares
> > 
Server: Order created with ID: 3952350728 for client 5 to BUY 2 actions of 6 at the price of 8620.73$ at time 2026-09-17 21:15:03.477 with trigger type LIMIT and trigger price lower 8570.77 and trigger price upper 65535 until validity date 2076-03-01 00:00:00.000
> 
Server: Order 3952350728 is waiting for its trigger condition to be reached …
> > 
Server: Error: Failed to sell action, client does not have enough shares
> > 
Server: Error: Insufficient balance for buying
> > 
Server: Error: Failed to sell action, client does not have enough shares
> > 
Server: Error: Failed to sell action, client does not have enough shares
> > 
Server: Error: Insufficient balance for buying
> > 
Server: Error: Insufficient balance for buying
> > 
Server: Error: Failed to sell action, client does not have enough shares
> > 
Server: Error: Failed to sell action, client does not have enough shares
> > 
Server: Error: Insufficient balance for buying
> > 
Server: Error: Insufficient balance for buying
> > 
Server: Error: Failed to sell action, client does not have enough shares
> 
Connexion closed by the server.

Connection closed by the server.
