Client launched...
Serveur authentification response: AUTHENTIFICATION_SUCCESS 4
Connected to the server !
Enter one of the following commands:
1. Place an order:
   [BUY/SELL] [quantity] [action_id] [MARKET/LIMIT/STOP/LIMIT_STOP] [price] [trigger_price_lower] [trigger_price_upper] [validity_date: YYYY-MM-DD] [validity_time: HH:MM:SS]
   Notes:
     - For MARKET:        do NOT provide price, trigger_price_lower or trigger_price_upper
     - For LIMIT:         provide [price] and [trigger_price_lower] only
     - For STOP:          provide [price] and [trigger_price_upper] only
     - For LIMIT_STOP:    provide [price], [trigger_price_lower] and [trigger_price_upper]

2. Modify client balance:
   amount [value] [deposit/withdraw]

3. Display information:
   display [portfolio | pending_orders | completed_orders | market | action_name]

4. Disconnect from server:
   exit

> > > 
Server: Error: Failed to sell action, client does not have enough shares
> > 
Server: Error: Failed to sell action, client does not have enough shares
> > 
Server: Error: Failed to sell action, client does not have enough shares
> > 
Server: Error: Failed to sell action, client does not have enough shares
> > 
Server: Error: Failed to sell action, client does not have enough shares
> > 
Server: Order created with ID: 3095425975 for client 4 to SELL 1 actions of 3 at the price of 8364.67$ at time 2026-09-17 21:14:52.078 with trigger type LIMIT_STOP and trigger price lower 8266.23 and trigger price upper 9074.03 until validity date 2076-03-01 00:00:00.000
> 
Server: Order 3095425975 is waiting for its trigger condition to be reached …
> > 
Server: Order created with ID: 5720223 for client 4 to BUY 7 actions of 17 at the price of 65535$ at time 2026-09-17 21:14:53.280 with trigger type MARKET and trigger price lower 0 and trigger price upper 65535 until validity date 2076-03-01 00:00:00.000
> 
Server: Order 5720223 is being accumulated …
> > 
Server: Error: Failed to sell action, client does not have enough shares
> 
Server: TRANSACTION: bought 7 of action 17 at 2883.0751953125$ at time 2026-09-17 21:14:55.379
> > 
Server: Error: Failed to sell action, client does not have enough shares
> > 
Server: Error: Failed to sell action, client does not have enough shares
> > 
Server: Order created with ID: 570428614 for client 4 to BUY 2 actions of 22 at the price of 65535$ at time 2026-09-17 21:14:57.834 with trigger type MARKET and trigger price lower 0 and trigger price upper 65535 until validity date 2076-03-01 00:00:00.000
> 
Server: Order 570428614 is being accumulated …
> > 
Server: Order created with ID: 816791425 for client 4 to SELL 5 actions of 7 at the price of 0$ at time 2026-09-17 21:14:59.025 with trigger type MARKET and trigger price lower 0 and trigger price upper 65535 until validity date 2076-03-01 00:00:00.000
> 
Server: Order 816791425 is being accumulated …
> > 
Server: Error: Failed to sell action, client does not have enough shares
> > 
Server: Error: Insufficient balance for buying
> > 
Server: Error: Insufficient balance for buying
> > 
Server: Order created with ID: 3404447089 for client 4 to SELL 6 actions of 3 at the price of 0$ at time 2026-09-17 21:15:03.490 with trigger type MARKET and trigger price lower 0 and trigger price upper 65535 until validity date 2076-03-01 00:00:00.000
> 
Server: Order 3404447089 is being accumulated …
> 
Server: TRANSACTION: sold 6 of action 3 at 8186.93017578125$ at time 2026-09-17 21:15:03.493
> > 
Server: Error: Failed to sell action, client does not have enough shares
> > 
Server: Error: Insufficient balance for buying
> > 
Server: Error: Failed to sell action, client does not have enough shares
> > 
Server: Error: Failed to sell action, client does not have enough shares
> > 
Server: Error: Insufficient balance for buying
> > 
Server: Error: Insufficient balance for buying
> > 
Server: Error: Insufficient balance for buying
> > 
Server: Error: Insufficient balance for buying
> > 
Server: Error: Failed to sell action, client does not have enough shares
> > 
Server: Order created with ID: 2667864176 for client 4 to SELL 4 actions of 14 at the price of 62539.14$ at time 2026-09-17 21:15:14.654 with trigger type LIMIT and trigger price lower 57634.32 and trigger price upper 65535 until validity date 2076-03-01 00:00:00.000
> 
Server: Order 2667864176 is waiting for its trigger condition to be reached …
> > 
Server: Error: Insufficient balance for buying
> 
Connexion closed by the server.

Connection closed by the server.
